<html>
<body>
<pre>
<h1>礦ision Build Log</h1>
<h2>Tool Versions:</h2>
IDE-Version: μVision V5.14.0.0
Copyright (C) 2015 ARM Ltd and ARM Germany GmbH. All rights reserved.
License Information: Microsoft Microsoft, Microsoft, LIC=R4HLQ-NV1NK-RDEK3-ADKD6-ZDPAI-IMK5D
 
Tool Versions:
Toolchain:       MDK-ARM Professional  Version: 5.14.0.0
Toolchain Path:  H:\Keil_v5\ARM\ARMCC\Bin
C Compiler:      Armcc.exe V5.05 update 1 (build 106)
Assembler:       Armasm.exe V5.05 update 1 (build 106)
Linker/Locator:  ArmLink.exe V5.05 update 1 (build 106)
Library Manager: ArmAr.exe V5.05 update 1 (build 106)
Hex Converter:   FromElf.exe V5.05 update 1 (build 106)
CPU DLL:         SARMCM3.DLL V5.14.0.0
Dialog DLL:      DARMSTM.dll V1.65.0.0
Target DLL:      Segger\JL2CM3.dll V2.99.13.0
Dialog DLL:      DARMSTM.dll V1.65.0.0
 
<h2>Project:</h2>
E:\得科技术产品开发\机器人主控F4\得科F4控制器平台(绿色双路驱动)\USER\USART.uvprojx
Project File Date:  04/19/2019

<h2>Output:</h2>
Build target 'USART'
compiling main.c...
..\HARDWARE\BEEP\beep.h(12): warning:  #1295-D: Deprecated declaration beepoff - give arg types
  void beepoff();
ysy.h(22): warning:  #1295-D: Deprecated declaration find_single - give arg types
  void find_single();
ysy.h(23): warning:  #1-D: last line of file ends without a newline
  int Find_Taizi();
ysy.h(23): warning:  #1295-D: Deprecated declaration Find_Taizi - give arg types
  int Find_Taizi();
edge.h(12): warning:  #1-D: last line of file ends without a newline
  int get_edge(void);//巡台
main.c(129): warning:  #1-D: last line of file ends without a newline
  }
main.c(29): warning:  #177-D: variable "i" was declared but never referenced
        int i,n=0;
main.c(29): warning:  #177-D: variable "n" was declared but never referenced
        int i,n=0;
main.c: 8 warnings, 0 errors
linking...
Program Size: Code=14468 RO-data=424 RW-data=1580 ZI-data=1732  
FromELF: creating hex file...
"..\OBJ\MarineRobotV1.0_2017.5" - 0 Error(s), 8 Warning(s).

<h2>Collection of Component include folders:</h2>
  E:\得科技术产品开发\机器人主控F4\得科F4控制器平台(绿色双路驱动)\USER\RTE
  H:\Keil_v5\ARM\PACK\Keil\STM32F4xx_DFP\1.0.8\Device\Include

<h2>Collection of Component Files used:</h2>
</pre>
</body>
</html>
